[studio-ah.site/index.html]
[backblue.gif]
[fade.gif]
[index.html]
[studio-ah.site/css/bootstrap.css]
[studio-ah.site/favicon/apple-icon-57x57.png]
[studio-ah.site/skin2elements/stylez.css]
[studio-ah.site/favicon/apple-icon-60x60.png]
[studio-ah.site/favicon/apple-icon-72x72.png]
[studio-ah.site/favicon/apple-icon-76x76.png]
[studio-ah.site/favicon/apple-icon-114x114.png]
[studio-ah.site/favicon/apple-icon-120x120.png]
[studio-ah.site/favicon/apple-icon-144x144.png]
[studio-ah.site/favicon/apple-icon-152x152.png]
[studio-ah.site/favicon/apple-icon-180x180.png]
[studio-ah.site/favicon/android-icon-192x192.png]
[studio-ah.site/favicon/favicon-32x32.png]
[studio-ah.site/favicon/favicon-96x96.png]
[studio-ah.site/favicon/favicon-16x16.png]
[studio-ah.site/favicon/manifest.json]
[studio-ah.site/favicon/ms-icon-144x144.png]
[www.google.com/recaptcha/api.js]
[studio-ah.site/skin2elements/logo.png]
[studio-ah.site/photoz/vk.png]
[studio-ah.site/himchistka/index.html]
[studio-ah.site/atelier/index.html]
[studio-ah.site/photoz/instagram.jpg]
[studio-ah.site/photogroup/2/Tintoria Novembre.jpg]
[studio-ah.site/shop/index.html]
[studio-ah.site/about/index.html]
[studio-ah.site/photogroup/2/Atelye Novembre.jpg]
[mc.yandex.ru/metrika/watch.js]
[studio-ah.site/prices/index.html]
[studio-ah.site/photogroup/2/Tintolav Novembre.jpg]
[studio-ah.site/actions/index.html]
[studio-ah.site/photogroup/2/Essences2nd.jpg]
[studio-ah.site/corporative/index.html]
[studio-ah.site/photoz/chem.png]
[studio-ah.site/contacts/index.html]
[studio-ah.site/photoz/atelier.png]
[studio-ah.site/repair/index.html]
[studio-ah.site/photogroup/4/IMG-20200822-WA0004.jpg]
[studio-ah.site/himchistka/kreussler/index.html]
[studio-ah.site/photogroup/4/IMG-20180320-WA0002 (1).jpg]
[studio-ah.site/himchistka/odejda/index.html]
[studio-ah.site/photogroup/4/QEBsnNDmAWY.jpg]
[studio-ah.site/photoz/price/2016aqua.pdf]
[studio-ah.site/himchistka/textil/index.html]
[studio-ah.site/photoz/price/2016kozha.pdf]
[studio-ah.site/himchistka/meh/index.html]
[studio-ah.site/photoz/price/2016meh.pdf]
[studio-ah.site/himchistka/kover/index.html]
[studio-ah.site/photoz/price/2016aero.pdf]
[studio-ah.site/himchistka/kozha/index.html]
[studio-ah.site/photoz/price/2016kovry.pdf]
[studio-ah.site/himchistka/podushki/index.html]
[studio-ah.site/photoz/vkw.png]
[studio-ah.site/himchistka/prachka/index.html]
[ajax.googleapis.com/ajax/libs/jquery/1.11.0/jquery.min.js]
[studio-ah.site/atelier/poshiv/index.html]
[studio-ah.site/atelier/perekroy/index.html]
[studio-ah.site/js/bootstrap.min.js]
[studio-ah.site/atelier/podgon/index.html]
[studio-ah.site/skin2elements/all.js]
[studio-ah.site/skin2elements/ekko/ekko-lightbox.min.js]
[studio-ah.site/atelier/restavracia/index.html]
[studio-ah.site/atelier/remont/index.html]
[studio-ah.site/atelier/nashivki/index.html]
[studio-ah.site/index.html]
[code.jivosite.com/widget.js]
[studio-ah.site/atelier/shtopka/index.html]
[studio-ah.site/atelier/vishivka/index.html]
[studio-ah.site/photos/index.html]
[studio-ah.site/fonts/glyphicons-halflings-regular.eot]
[studio-ah.site/technolog/index.html]
[studio-ah.site/fonts/glyphicons-halflings-regulard41d.eot]
[studio-ah.site/fonts/glyphicons-halflings-regular.woff]
[studio-ah.site/fonts/glyphicons-halflings-regular.ttf]
[studio-ah.site/css/bootstrap.css]
[studio-ah.site/skin2elements/reddot.png]
[studio-ah.site/skin2elements/bubbles.jpg]
[studio-ah.site/skin2elements/rubashki.jpg]
[studio-ah.site/skin2elements/squares.jpg]
[studio-ah.site/skin2elements/papers.jpg]
[studio-ah.site/skin2elements/bluebubbles.jpg]
[studio-ah.site/skin2elements/rombs.jpg]
[studio-ah.site/skin2elements/buttonz-l.png]
[studio-ah.site/skin2elements/buttonz-r.png]
[studio-ah.site/skin2elements/bluestrokes.jpg]
[studio-ah.site/skin2elements/strokes.jpg]
[studio-ah.site/skin2elements/bluesquaresdown.jpg]
[studio-ah.site/skin2elements/upflowers.jpg]
[studio-ah.site/skin2elements/downflowers.jpg]
[studio-ah.site/skin2elements/up81.png]
[studio-ah.site/skin2elements/callme.png]
[studio-ah.site/skin2elements/delivery.png]
[studio-ah.site/skin2elements/nitki.jpg]
[studio-ah.site/skin2elements/smallbubbless.jpg]
[studio-ah.site/skin2elements/updefault.jpg]
[studio-ah.site/skin2elements/normnitki.jpg]
[studio-ah.site/skin2elements/maneq.jpg]
[studio-ah.site/skin2elements/normpuzir.jpg]
[studio-ah.site/skin2elements/stirdevice2.jpg]
[studio-ah.site/skin2elements/shoes.jpg]
[studio-ah.site/skin2elements/stylez.css]
[studio-ah.site/photoz/biglogo.jpg]
[studio-ah.site/photogroup/3/IMG-20170901-WA0019.jpg]
[studio-ah.site/image1bc7.jpg]
[studio-ah.site/photogroup/3/ah18.jpg]
[studio-ah.site/image454c.jpg]
[studio-ah.site/photogroup/3/ah19.jpg]
[studio-ah.site/imagee156.jpg]
[studio-ah.site/photogroup/3/ah20.jpg]
[studio-ah.site/image3827.jpg]
[studio-ah.site/photogroup/3/ah21.jpg]
[studio-ah.site/image9c2e.jpg]
[studio-ah.site/atelier/index.html]
[studio-ah.site/photoz/Kolpino 1.jpg]
[studio-ah.site/himchistka/index.html]
[studio-ah.site/photoz/Dom Italy.jpg]
[studio-ah.site/shop/index.html]
[studio-ah.site/about/index.html]
[studio-ah.site/photoz/АХ_прайскурант аквачистка Февраль 2018.pdf]
[studio-ah.site/photoz/АХ_прейскурант кожа 03.2018.pdf]
[studio-ah.site/photoz/АХ_прейскурант МЕХ Март 2018.pdf]
[studio-ah.site/photoz/АХ_прейскурант аэрочистка Март 2018.pdf]
[studio-ah.site/photoz/_прейскурант ковры 2017.pdf]
[studio-ah.site/photoz/КП чистка спецодежды 07.2016.pdf]
[studio-ah.site/prices/index.html]
[studio-ah.site/photoz/Shirts.pdf]
[studio-ah.site/photoz/zabor-dostavka.pdf]
[studio-ah.site/actions/index.html]
[studio-ah.site/corporative/spetz/index.html]
[studio-ah.site/photoz/Transit.jpg]
[studio-ah.site/corporative/index.html]
[studio-ah.site/corporative/hotel/index.html]
[studio-ah.site/contacts/index.html]
[studio-ah.site/corporative/restoran/index.html]
[studio-ah.site/repair/index.html]
[studio-ah.site/corporative/podushki/index.html]
[studio-ah.site/repair/shoes/index.html]
[studio-ah.site/repair/bags/index.html]
[studio-ah.site/photoz/Kreussler1.jpg]
[studio-ah.site/himchistka/kreussler/index.html]
[studio-ah.site/himchistka/odejda/index.html]
[studio-ah.site/photoz/shtory.jpg]
[studio-ah.site/himchistka/textil/index.html]
[studio-ah.site/himchistka/meh/index.html]
[studio-ah.site/himchistka/kover/index.html]
[studio-ah.site/himchistka/kozha/index.html]
[studio-ah.site/himchistka/podushki/index.html]
[studio-ah.site/himchistka/podushki/sovety/index.html]
[studio-ah.site/himchistka/prachka/index.html]
[studio-ah.site/himchistka/podushki/voprosy/index.html]
[studio-ah.site/himchistka/podushki/process/index.html]
[studio-ah.site/atelier/poshiv/index.html]
[studio-ah.site/atelier/perekroy/index.html]
[studio-ah.site/atelier/podgon/index.html]
[studio-ah.site/atelier/remont/index.html]
[studio-ah.site/atelier/restavracia/index.html]
[studio-ah.site/atelier/nashivki/index.html]
[studio-ah.site/atelier/shtopka/index.html]
[studio-ah.site/photoz/vishivka 1.jpg]
[studio-ah.site/photoz/vishivka 2.jpg]
[studio-ah.site/atelier/vishivka/index.html]
[studio-ah.site/photogroup/8/ah15.jpg]
[studio-ah.site/photos/8/index.html]
[studio-ah.site/imagec8da.jpg]
[studio-ah.site/photogroup/8/ah16.jpg]
[studio-ah.site/imageccdc.jpg]
[studio-ah.site/photogroup/8/ah13.jpg]
[studio-ah.site/imagec7a3.jpg]
[studio-ah.site/photogroup/1/SPAR entrance.jpg]
[studio-ah.site/photos/3/index.html]
[studio-ah.site/imaged837.jpg]
[studio-ah.site/photos/1/index.html]
[studio-ah.site/photogroup/1/IMG-20170719-WA0001.jpg]
[studio-ah.site/image5338.jpg]
[studio-ah.site/photogroup/1/16462-68.jpg]
[studio-ah.site/image3c3d.jpg]
[studio-ah.site/photos/index.html]
[studio-ah.site/technolog/index.html]
[studio-ah.site/skin2elements/ekko/ekko-lightbox.min.css]
[studio-ah.site/fonts/glyphicons-halflings-regular.html]
[studio-ah.site/fonts/glyphicons-halflings-regular.svg]
[studio-ah.site/skin2elements/bluesquarup.html]
[www.googletagmanager.com/gtm5445.html]
[studio-ah.site/photoz/Gidrob vesna.html]
[studio-ah.site/corporative/spetz/index.html]
[studio-ah.site/corporative/hotel/index.html]
[studio-ah.site/corporative/restoran/index.html]
[studio-ah.site/corporative/podushki/index.html]
[studio-ah.site/repair/shoes/index.html]
[studio-ah.site/repair/bags/index.html]
[studio-ah.site/photoz/IMG_1729.html]
[studio-ah.site/himchistka/podushki/sovety/index.html]
[studio-ah.site/himchistka/podushki/voprosy/index.html]
[studio-ah.site/photoz/clip_image001.jpg]
[studio-ah.site/photoz/clip_image002.jpg]
[studio-ah.site/photoz/clip_image003.jpg]
[studio-ah.site/photoz/clip_image004.jpg]
[studio-ah.site/photoz/clip_image005.jpg]
[studio-ah.site/photoz/clip_image006.jpg]
[studio-ah.site/photoz/clip_image007.jpg]
[studio-ah.site/photoz/clip_image008.jpg]
[studio-ah.site/photoz/clip_image009.jpg]
[studio-ah.site/photoz/clip_image010.jpg]
[studio-ah.site/photoz/clip_image011.jpg]
[studio-ah.site/photoz/clip_image012.jpg]
[studio-ah.site/photoz/clip_image013.jpg]
[studio-ah.site/photoz/clip_image014.jpg]
[studio-ah.site/himchistka/podushki/process/index.html]
[studio-ah.site/photogroup/8/ah12.jpg]
[studio-ah.site/image0ce6.jpg]
[studio-ah.site/photogroup/8/ah10.jpg]
[studio-ah.site/image2791.jpg]
[studio-ah.site/photogroup/8/ah9.jpg]
[studio-ah.site/image174b.jpg]
[studio-ah.site/photogroup/8/ah8.jpg]
[studio-ah.site/image937b.jpg]
[studio-ah.site/photogroup/8/ah7.jpg]
[studio-ah.site/image1b75.jpg]
[studio-ah.site/photogroup/8/ah6.jpg]
[studio-ah.site/imagedbb7.jpg]
[studio-ah.site/photogroup/8/ah5.jpg]
[studio-ah.site/imageec6b.jpg]
[studio-ah.site/photogroup/8/ah4.jpg]
[studio-ah.site/image7a7a.jpg]
[studio-ah.site/photogroup/8/ah3.jpg]
[studio-ah.site/image3104.jpg]
[studio-ah.site/photogroup/8/ah2.jpg]
[studio-ah.site/image5788.jpg]
[studio-ah.site/photos/8/index.html]
[studio-ah.site/photos/3/index.html]
[studio-ah.site/photos/1/index.html]
[vk.com/js/api/openapi4c56.js]
